---
source: tui/src/history_cell/tests.rs
assertion_line: 1251
expression: rendered
---
╭─────────────────────────────────────────────────╮
│ ✨ Update available! 0.149.1 -> 9.9.9           │
│ Run pnpm add -g @ruut/sofia to update.          │
│                                                 │
│ See full release notes:                         │
│ https://github.com/RuutChatCSM/sofia/releases/latest │
╰─────────────────────────────────────────────────╯
