---
source: tui/src/app/tests.rs
assertion_line: 5803
expression: rendered
---
╭────────────────────────────────────────────────────╮
│ >_ Sofia (v<VERSION>)                              │
│                                                    │
│ model:     gpt-5.4 xhigh   fast   /model to change │
│ directory: /tmp/project                            │
╰────────────────────────────────────────────────────╯
