---
source: tui/src/model_migration.rs
expression: terminal.backend()
---

> Sofia just got an upgrade. Introducing gpt-5.1-sofia-max.

  We recommend switching from gpt-5-sofia to
  gpt-5.1-sofia-max.

  Sofia-optimized flagship for deep and fast reasoning.
  Learn more about gpt-5.1-sofia-max at
  https://www.sofia.com/models/gpt-5.1-sofia-max

  Press enter to continue
