---
source: tui/src/bottom_pane/chat_composer.rs
expression: terminal.backend()
---
"                          "
"› Ask Sofia to do anythin "
"                          "
"                          "
"                          "
"                          "
"                          "
"                          "
"  Plan mode               "
