---
source: tui/src/bottom_pane/feedback_view.rs
assertion_line: 746
expression: rendered
---
Upload logs?

The following files will be sent:
  • sofia-logs.log
  • sofia-doctor-report.json
  • sofia-apps-tools-cache.json (if available)
  • sofia-app-directory-cache.json (if available)
  • windows-sandbox.log
  • rollout.jsonl
  • auto-review-rollout.jsonl
