---
source: core/src/context/world_state/collaboration_mode_tests.rs
expression: "render_section_cases(&[(Absent, Absent), (Absent, Known(&default)),\n(Known(&default), Known(&default)),\n(Known(&old_default), Known(&new_default)), (Known(&default), Known(&plan)),\n(Unknown, Known(&default)),])"
---
Absent -> Absent
None

Absent -> {"instructions":"88f29545e45eee73aab1326eb9c12109763b4a78","mode":"default","model":"test-model"} (role - developer)
<collaboration_mode>pair with the user</collaboration_mode>

{"instructions":"88f29545e45eee73aab1326eb9c12109763b4a78","mode":"default","model":"test-model"} -> {"instructions":"88f29545e45eee73aab1326eb9c12109763b4a78","mode":"default","model":"test-model"}
None

{"instructions":"0e2ea86b77ce063d2c704e5de8094ec3c4198834","mode":"default","model":"test-model"} -> {"instructions":"90653160d625d211e95a8023cb015a08509396d3","mode":"default","model":"test-model"} (role - developer)
<collaboration_mode>new instructions</collaboration_mode>

{"instructions":"88f29545e45eee73aab1326eb9c12109763b4a78","mode":"default","model":"test-model"} -> {"instructions":"d42153aff54a8b9ce289d7bc354f0acd14425c54","mode":"plan","model":"test-model"} (role - developer)
<collaboration_mode>make a plan</collaboration_mode>

Unknown -> {"instructions":"88f29545e45eee73aab1326eb9c12109763b4a78","mode":"default","model":"test-model"} (role - developer)
<collaboration_mode>pair with the user</collaboration_mode>
