---
source: core/src/context/world_state/permissions_tests.rs
expression: "render_section_cases(&[(Absent, Absent), (Absent, Known(&read_only)),\n(Known(&read_only), Known(&read_only)),\n(Known(&read_only), Known(&full_access)),\n(Known(&read_only), Known(&never_ask)), (Unknown, Known(&read_only)),])"
---
Absent -> Absent
None

Absent -> {"approved_command_prefixes":[],"instructions":"fa7331f4e8ba7267ceee1e4aa9a3201f927be351"} (role - developer)
<permissions instructions>
Read only.
Ask for approval.
</permissions instructions>

{"approved_command_prefixes":[],"instructions":"fa7331f4e8ba7267ceee1e4aa9a3201f927be351"} -> {"approved_command_prefixes":[],"instructions":"fa7331f4e8ba7267ceee1e4aa9a3201f927be351"}
None

{"approved_command_prefixes":[],"instructions":"fa7331f4e8ba7267ceee1e4aa9a3201f927be351"} -> {"approved_command_prefixes":[],"instructions":"99e42414535a78dde69a6150afcc56f41d8d262c"} (role - developer)
<permissions instructions>
Full access.
Ask for approval.
</permissions instructions>

{"approved_command_prefixes":[],"instructions":"fa7331f4e8ba7267ceee1e4aa9a3201f927be351"} -> {"approved_command_prefixes":[],"instructions":"86685fbd80819385a4f9cd916b4e3ec04aa73343"} (role - developer)
<permissions instructions>
Read only.
Approval policy is currently never. Do not provide the `sandbox_permissions` for any reason, commands will be rejected.
</permissions instructions>

Unknown -> {"approved_command_prefixes":[],"instructions":"fa7331f4e8ba7267ceee1e4aa9a3201f927be351"} (role - developer)
<permissions instructions>
Read only.
Ask for approval.
</permissions instructions>
